// Jest Snapshot v1, https://goo.gl/fbAQLP

exports[`tests for Profile component renders correctly 1`] = `
<div>
  <table>
    <tbody>
      <tr
        class="joined-mission"
      >
        <td
          class="Missionsdata"
        />
      </tr>
    </tbody>
  </table>
</div>
`;
