// Jest Snapshot v1, https://goo.gl/fbAQLP

exports[`making tests for rocket components in profile view checking snapshot for rockets View in profile 1`] = `
<div>
  <section>
    <div
      class="rockets"
    >
      <h2
        class="rocketsHeader"
      >
        Rockets
      </h2>
      <table
        class="holderTable"
      >
        <tbody>
          <tr
            class="rocketrow"
          >
            <td
              class="rocketdata"
            >
              rocket 3
            </td>
          </tr>
          <tr
            class="rocketrow"
          >
            <td
              class="rocketdata"
            >
              rocket 4
            </td>
          </tr>
        </tbody>
      </table>
    </div>
  </section>
</div>
`;
